
> frontend@0.1.0 build
> react-scripts build

node.exe : (node:18764) [DEP0176] 
DeprecationWarning: fs.F_OK is 
deprecated, use fs.constants.F_OK 
instead
At line:1 char:1
+ & "C:\Program 
Files\nodejs/node.exe" 
"C:\Users\PC\AppData\Roaming\npm ...
+ ~~~~~~~~~~~~~~~~~~~~~~~~~~~~~~~~~~
~~~~~~~~~~~~~~~~~~~~~~~~~~~~~~~~~~~
    + CategoryInfo          : NotSp 
   ecified: ((node:18764) [D...ts.  
  F_OK instead:String) [], Remote   
 Exception
    + FullyQualifiedErrorId : Nativ 
   eCommandError
 
(Use `node --trace-deprecation ...` 
to show where the warning was 
created)
Creating an optimized production build...
Compiled with warnings.

[eslint] 
src\components\Sidebar.jsx
  Line 10:3:  'User' is defined but never used    no-unused-vars
  Line 13:3:  'Search' is defined but never used  no-unused-vars
  Line 14:3:  'Bell' is defined but never used    no-unused-vars

src\components\team\TeamCard.jsx
  Line 3:8:  'Button' is defined but never used  no-unused-vars

src\layout\AuthLayout.jsx
  Line 3:8:  'logo' is defined but never used  no-unused-vars

src\layout\MainLayout.jsx
  Line 4:8:  'Navbar' is defined but never used  no-unused-vars

src\pages\About.jsx
  Line 2:10:  'Info' is defined but never used  no-unused-vars

src\pages\ChatPage.jsx
  Line 1:28:  'useState' is defined but never used  no-unused-vars

src\pages\Home.jsx
  Line 5:8:    'teamService' is defined but never used        no-unused-vars
  Line 6:8:    'messageService' is defined but never used     no-unused-vars
  Line 7:8:    'fileService' is defined but never used        no-unused-vars
  Line 15:10:  'stats' is assigned a value but never used     no-unused-vars
  Line 15:17:  'setStats' is assigned a value but never used  no-unused-vars

src\store\ChatContext.jsx
  Line 1:54:   'useEffect' is defined but never used                  no-unused-vars
  Line 10:10:  'activeChannel' is assigned a value but never used     no-unused-vars
  Line 10:25:  'setActiveChannel' is assigned a value but never used  no-unused-vars

src\store\TeamContext.jsx
  Line 1:54:  'useEffect' is defined but never used  no-unused-vars

Search for the keywords to learn more about each warning.
To ignore, add // eslint-disable-next-line to the line before.

File sizes after gzip:

  132.68 kB  build\static\js\main.865d116e.js
  7.08 kB    build\static\css\main.b37eff30.css

The project was built assuming it is hosted at /.
You can control this with the homepage field in your package.json.

The build folder is ready to be deployed.
You may serve it with a static server:

  npm install -g serve
  serve -s build

Find out more about deployment here:

  https://cra.link/deployment

